{
    "code": 8713600286072,
    "brands": "Look O Look69",
    "product_name": "Whatever updated",
    "display_name": "Look O Look Mini Candy Sushi",
    "expire_avg": 369,
    "categories_hierarchy": [
        "snacks",
        "sweet-snacks",
        "confectioneries",
        "candies",
        "gummi-candies"
    ],
    "reviewed": true,
    "measurement_unit": "gramm"
}